Project Information                              c:\prog\digital\uart\uart.rpt

MAX+plus II Compiler Report File
Version 10.2 07/10/2002
Compiled: 05/26/2016 04:00:04

Copyright (C) 1988-2002 Altera Corporation
Any megafunction design, and related net list (encrypted or decrypted),
support information, device programming or simulation file, and any other
associated documentation or information provided by Altera or a partner
under Altera's Megafunction Partnership Program may be used only to
program PLD devices (but not masked PLD devices) from Altera.  Any other
use of such megafunction design, net list, support information, device
programming or simulation file, or any other related documentation or
information is prohibited for any other purpose, including, but not
limited to modification, reverse engineering, de-compiling, or use with
any other silicon devices, unless such use is explicitly licensed under
a separate agreement with Altera or a megafunction partner.  Title to
the intellectual property, including patents, copyrights, trademarks,
trade secrets, or maskworks, embodied in any such megafunction design,
net list, support information, device programming or simulation file, or
any other related documentation or information provided by Altera or a
megafunction partner, remains with Altera, the megafunction partner, or
their respective licensors.  No other licenses, including any licenses
needed under any third party's intellectual property, are provided herein.



***** Project compilation was successful


Untitled


** DEVICE SUMMARY **

Chip/                     Input Output Bidir  Memory  Memory  			 LCs
POF       Device          Pins  Pins   Pins   Bits % Utilized  LCs  % Utilized

uart      EP1K10TC100-1    2      8      0    0         0  %    37       6  %

User Pins:                 2      8      0  



Project Information                              c:\prog\digital\uart\uart.rpt

** STATE MACHINE ASSIGNMENTS **


fsm: MACHINE
        OF BITS (
           fsm~11,
           fsm~10,
           fsm~9,
           fsm~8,
           fsm~7,
           fsm~6,
           fsm~5,
           fsm~4,
           fsm~3,
           fsm~2,
           fsm~1
        )
        WITH STATES (
                         WAITING = B"00000000000", 
                           START = B"11000000000", 
                            BIT1 = B"10100000000", 
                            BIT2 = B"10010000000", 
                            BIT3 = B"10001000000", 
                            BIT4 = B"10000100000", 
                            BIT5 = B"10000010000", 
                            BIT6 = B"10000001000", 
                            BIT7 = B"10000000100", 
                            BIT8 = B"10000000010", 
                            STOP = B"10000000001"
);



Project Information                              c:\prog\digital\uart\uart.rpt

** FILE HIERARCHY **



|lpm_counter:lpm|
|lpm_counter:lpm|f8count:p8c0|
|lpm_shiftreg:reg|


Device-Specific Information:                     c:\prog\digital\uart\uart.rpt
uart

***** Logic for device 'uart' compiled without errors.




Device: EP1K10TC100-1

ACEX 1K Configuration Scheme: Passive Serial

Device Options:
    User-Supplied Start-Up Clock               = OFF
    Auto-Restart Configuration on Frame Error  = OFF
    Release Clears Before Tri-States           = OFF
    Enable Chip_Wide Reset                     = OFF
    Enable Chip-Wide Output Enable             = OFF
    Enable INIT_DONE Output                    = OFF
    JTAG User Code                             = 7f
    MultiVolt I/O                              = OFF
    Enable Lock Output                         = OFF

                                                                   
                                                                   
                  R R R R     R           R R R R   R R R R R R    
                  E E E E     E           E E E E   E E E E E E    
                  S S S S     S V         S S S S   S S S S S S ^  
                  E E E E     E C         E E E E V E E E E E E D  
                # R R R R   o R C         R R R R C R R R R R R A  
                T V V V V G u V I G G G G V V V V C V V V V V V T  
                C E E E E N t E N N N N N E E E E I E E E E E E A  
                K D D D D D 7 D T D D D D D D D D O D D D D D D 0  
              ----------------------------------------------------_ 
             / 100  98  96  94  92  90  88  86  84  82  80  78  76   |_ 
            /     99  97  95  93  91  89  87  85  83  81  79  77    | 
^CONF_DONE |  1                                                    75 | ^DCLK 
     ^nCEO |  2                                                    74 | ^nCE 
      #TDO |  3                                                    73 | #TDI 
     VCCIO |  4                                                    72 | VCCINT 
      out5 |  5                                                    71 | RESERVED 
      out6 |  6                                                    70 | RESERVED 
      out4 |  7                                                    69 | RESERVED 
      out2 |  8                                                    68 | out1 
      out8 |  9                                                    67 | VCCIO 
      out3 | 10                                                    66 | GND 
       GND | 11                                                    65 | RESERVED 
    VCCINT | 12                                                    64 | RESERVED 
  RESERVED | 13                   EP1K10TC100-1                    63 | RESERVED 
  RESERVED | 14                                                    62 | RESERVED 
  RESERVED | 15                                                    61 | RESERVED 
  RESERVED | 16                                                    60 | VCCINT 
     VCCIO | 17                                                    59 | GND 
       GND | 18                                                    58 | RESERVED 
  RESERVED | 19                                                    57 | RESERVED 
  RESERVED | 20                                                    56 | RESERVED 
  RESERVED | 21                                                    55 | RESERVED 
  RESERVED | 22                                                    54 | ^MSEL0 
  RESERVED | 23                                                    53 | ^MSEL1 
      #TMS | 24                                                    52 | VCCINT 
  ^nSTATUS | 25                                                    51 | ^nCONFIG 
           |      27  29  31  33  35  37  39  41  43  45  47  49  _| 
            \   26  28  30  32  34  36  38  40  42  44  46  48  50   | 
             \----------------------------------------------------- 
                R R R R R R R R R V G V i c G G G R V R R R R R R  
                E E E E E E E E E C N C n l N N N E C E E E E E E  
                S S S S S S S S S C D C   k D D D S C S S S S S S  
                E E E E E E E E E I   _       _   E I E E E E E E  
                R R R R R R R R R N   C       C   R O R R R R R R  
                V V V V V V V V V T   K       K   V   V V V V V V  
                E E E E E E E E E     L       L   E   E E E E E E  
                D D D D D D D D D     K       K   D   D D D D D D  
                                                                   
                                                                   


N.C. = No Connect. This pin has no internal connection to the device.
VCCINT = Dedicated power pin, which MUST be connected to VCC (2.5 volts).
VCCIO = Dedicated power pin, which MUST be connected to VCC (2.5 volts).
GND = Dedicated ground pin or unused dedicated input, which MUST be connected to GND.
RESERVED = Unused I/O pin, which MUST be left unconnected.

^ = Dedicated configuration pin.
+ = Reserved configuration pin, which is tri-stated during user mode.
* = Reserved configuration pin, which drives out in user mode.
PDn = Power Down pin. 
@ = Special-purpose pin. 
# = JTAG Boundary-Scan Testing/In-System Programming or Configuration Pin. The JTAG inputs TMS and TDI should be tied to VCC and TCK should be tied to GND when not in use.
& = JTAG pin used for I/O. When used as user I/O, JTAG pins must be kept stable before and during configuration.  JTAG pin stability prevents accidental loading of JTAG instructions.
$ = Pin has PCI I/O option enabled. Pin is neither '5.0 V'- nor '3.3 V'-tolerant. 


Device-Specific Information:                     c:\prog\digital\uart\uart.rpt
uart

** RESOURCE USAGE **

Logic                Column       Row                                   
Array                Interconnect Interconnect         Clears/     External  
Block   Logic Cells  Driven       Driven       Clocks  Presets   Interconnect
A1       8/ 8(100%)   0/ 8(  0%)   4/ 8( 50%)    1/2    0/2       7/22( 31%)   
A7       8/ 8(100%)   0/ 8(  0%)   4/ 8( 50%)    1/2    0/2       6/22( 27%)   
A16      6/ 8( 75%)   0/ 8(  0%)   5/ 8( 62%)    1/2    0/2       7/22( 31%)   
A19      7/ 8( 87%)   1/ 8( 12%)   6/ 8( 75%)    1/2    0/2       2/22(  9%)   
A20      8/ 8(100%)   0/ 8(  0%)   4/ 8( 50%)    1/2    0/2       4/22( 18%)   


Embedded             Column       Row                                   
Array     Embedded   Interconnect Interconnect         Read/      External  
Block     Cells      Driven       Driven       Clocks  Write    Interconnect


Total dedicated input pins used:                 2/6      ( 33%)
Total I/O pins used:                             8/60     ( 13%)
Total logic cells used:                         37/576    (  6%)
Total embedded cells used:                       0/48     (  0%)
Total EABs used:                                 0/3      (  0%)
Average fan-in:                                 3.45/4    ( 86%)
Total fan-in:                                 128/2304    (  5%)

Total input pins required:                       2
Total input I/O cell registers required:         0
Total output pins required:                      8
Total output I/O cell registers required:        0
Total buried I/O cell registers required:        0
Total bidirectional pins required:               0
Total reserved pins required                     0
Total logic cells required:                     37
Total flipflops required:                       22
Total packed registers required:                 0
Total logic cells in carry chains:               0
Total number of carry chains:                    0
Total logic cells in cascade chains:             0
Total number of cascade chains:                  0
Total single-pin Clock Enables required:         0
Total single-pin Output Enables required:        0

Synthesized logic cells:                        11/ 576   (  1%)

Logic Cell and Embedded Cell Counts

Column:  01  02  03  04  05  06  07  08  09  10  11  12  EA  13  14  15  16  17  18  19  20  21  22  23  24  Total(LC/EC)
 A:      8   0   0   0   0   0   8   0   0   0   0   0   0   0   0   0   6   0   0   7   8   0   0   0   0     37/0  
 B:      0   0   0   0   0   0   0   0   0   0   0   0   0   0   0   0   0   0   0   0   0   0   0   0   0      0/0  
 C:      0   0   0   0   0   0   0   0   0   0   0   0   0   0   0   0   0   0   0   0   0   0   0   0   0      0/0  

Total:   8   0   0   0   0   0   8   0   0   0   0   0   0   0   0   0   6   0   0   7   8   0   0   0   0     37/0  



Device-Specific Information:                     c:\prog\digital\uart\uart.rpt
uart

** INPUTS **

                                                    Fan-In    Fan-Out
 Pin     LC     EC   Row  Col  Primitive    Code      INP  FBK  OUT  FBK  Name
  39      -     -    -    --      INPUT  G          ^    0    0    0    0  clk
  38      -     -    -    --      INPUT             ^    0    0    0    6  in


Code:

s = Synthesized pin or logic cell
+ = Synchronous flipflop
/ = Slow slew-rate output
! = NOT gate push-back
r = Fitter-inserted logic cell
^ = Increased input delay
* = PCI I/O is enabled
@ = Uses single-pin Clock Enable
& = Uses single-pin Output Enable
G = Global Source. Fan-out destinations counted here do not include destinations
that are driven using global routing resources. Refer to the Auto Global Signals,
Clock Signals, Clear Signals, Synchronous Load Signals, and Synchronous Clear Signals
Sections of this Report File for information on which signals' fan-outs are used as
Clock, Clear, Preset, Output Enable, and synchronous Load signals.


Device-Specific Information:                     c:\prog\digital\uart\uart.rpt
uart

** OUTPUTS **

       Fed By Fed By                                Fan-In    Fan-Out
 Pin     LC     EC   Row  Col  Primitive    Code      INP  FBK  OUT  FBK  Name
  68      -     -    A    --     OUTPUT                 0    1    0    0  out1
   8      -     -    A    --     OUTPUT                 0    1    0    0  out2
  10      -     -    A    --     OUTPUT                 0    1    0    0  out3
   7      -     -    A    --     OUTPUT                 0    1    0    0  out4
   5      -     -    A    --     OUTPUT                 0    1    0    0  out5
   6      -     -    A    --     OUTPUT                 0    1    0    0  out6
  94      -     -    -    19     OUTPUT                 0    1    0    0  out7
   9      -     -    A    --     OUTPUT                 0    1    0    0  out8


Code:

s = Synthesized pin or logic cell
+ = Synchronous flipflop
/ = Slow slew-rate output
! = NOT gate push-back
r = Fitter-inserted logic cell
^ = Increased input delay
* = PCI I/O is enabled
@ = Uses single-pin Clock Enable
& = Uses single-pin Output Enable


Device-Specific Information:                     c:\prog\digital\uart\uart.rpt
uart

** BURIED LOGIC **

                                                    Fan-In    Fan-Out
 IOC     LC     EC   Row  Col  Primitive    Code      INP  FBK  OUT  FBK  Name
   -      4     -    A    16       DFFE   +            0    2    0    1  fsm~1
   -      8     -    A    01       DFFE   +            0    3    0    3  fsm~2
   -      8     -    A    07       DFFE   +            0    3    0    3  fsm~3
   -      2     -    A    07       DFFE   +            0    3    0    3  fsm~4
   -      3     -    A    07       DFFE   +            0    3    0    3  fsm~5
   -      1     -    A    07       DFFE   +            0    3    0    3  fsm~6
   -      3     -    A    01       DFFE   +            0    3    0    3  fsm~7
   -      7     -    A    01       DFFE   +            0    3    0    3  fsm~8
   -      8     -    A    16       DFFE   +            0    3    0    3  fsm~9
   -      2     -    A    20       DFFE   +            1    2    0    1  fsm~10
   -      7     -    A    16       DFFE   +            1    1    0    4  fsm~11
   -      8     -    A    20       DFFE   +            0    3    0    4  |lpm_counter:lpm|f8count:p8c0|QC (|lpm_counter:lpm|f8count:p8c0|:6)
   -      3     -    A    20       DFFE   +            0    2    0    5  |lpm_counter:lpm|f8count:p8c0|QB (|lpm_counter:lpm|f8count:p8c0|:7)
   -      7     -    A    20       DFFE   +            1    1    0    6  |lpm_counter:lpm|f8count:p8c0|QA (|lpm_counter:lpm|f8count:p8c0|:8)
   -      7     -    A    07       DFFE   +            0    4    1    1  |lpm_shiftreg:reg|dffs0
   -      5     -    A    19       DFFE   +            0    2    1    1  |lpm_shiftreg:reg|dffs1
   -      8     -    A    19       DFFE   +            0    2    1    1  |lpm_shiftreg:reg|dffs2
   -      3     -    A    19       DFFE   +            0    2    1    1  |lpm_shiftreg:reg|dffs3
   -      1     -    A    19       DFFE   +            0    2    1    1  |lpm_shiftreg:reg|dffs4
   -      2     -    A    19       DFFE   +            0    2    1    1  |lpm_shiftreg:reg|dffs5
   -      4     -    A    19       DFFE   +            0    2    1    1  |lpm_shiftreg:reg|dffs6
   -      7     -    A    19       DFFE   +            0    2    1    0  |lpm_shiftreg:reg|dffs7
   -      1     -    A    20        OR2        !       0    4    0    4  :139
   -      6     -    A    20       AND2    s   !       1    3    0   16  ~151~1
   -      5     -    A    20       AND2    s   !       1    3    0   13  ~164~1
   -      2     -    A    16        OR2        !       1    3    0    2  :357
   -      1     -    A    01        OR2    s   !       0    4    0    1  ~358~1
   -      4     -    A    07        OR2    s   !       0    4    0    1  ~358~2
   -      2     -    A    01        OR2    s   !       0    4    0    1  ~358~3
   -      5     -    A    01        OR2    s   !       0    4    0    1  ~358~4
   -      4     -    A    01        OR2                0    4    0    9  :358
   -      4     -    A    20        OR2        !       0    4    0    3  :364
   -      1     -    A    16        OR2    s           0    3    0    1  ~368~1
   -      6     -    A    01        OR2    s           0    4    0    1  ~368~2
   -      5     -    A    07        OR2    s           0    4    0    1  ~368~3
   -      6     -    A    07        OR2    s           0    4    0    1  ~368~4
   -      3     -    A    16        OR2    s           0    3    0    1  ~388~1


Code:

s = Synthesized pin or logic cell
+ = Synchronous flipflop
/ = Slow slew-rate output
! = NOT gate push-back
r = Fitter-inserted logic cell
^ = Increased input delay
* = PCI I/O is enabled
p = Packed register


Device-Specific Information:                     c:\prog\digital\uart\uart.rpt
uart

** FASTTRACK INTERCONNECT UTILIZATION **

Row FastTrack Interconnect:

          Global         Left Half-      Right Half-
         FastTrack       FastTrack       FastTrack 
Row     Interconnect    Interconnect    Interconnect    Input Pins     Output Pins     Bidir Pins
A:      19/ 96( 19%)     1/ 48(  2%)     6/ 48( 12%)    0/16(  0%)      7/16( 43%)     0/16(  0%)
B:       0/ 96(  0%)     0/ 48(  0%)     0/ 48(  0%)    0/16(  0%)      0/16(  0%)     0/16(  0%)
C:       0/ 96(  0%)     0/ 48(  0%)     0/ 48(  0%)    0/16(  0%)      0/16(  0%)     0/16(  0%)


Column FastTrack Interconnect:

         FastTrack                                 
Column  Interconnect    Input Pins     Output Pins     Bidir Pins
01:      0/24(  0%)     0/4(  0%)      0/4(  0%)       0/4(  0%)
02:      0/24(  0%)     0/4(  0%)      0/4(  0%)       0/4(  0%)
03:      0/24(  0%)     0/4(  0%)      0/4(  0%)       0/4(  0%)
04:      0/24(  0%)     0/4(  0%)      0/4(  0%)       0/4(  0%)
05:      0/24(  0%)     0/4(  0%)      0/4(  0%)       0/4(  0%)
06:      0/24(  0%)     0/4(  0%)      0/4(  0%)       0/4(  0%)
07:      0/24(  0%)     0/4(  0%)      0/4(  0%)       0/4(  0%)
08:      0/24(  0%)     0/4(  0%)      0/4(  0%)       0/4(  0%)
09:      0/24(  0%)     0/4(  0%)      0/4(  0%)       0/4(  0%)
10:      0/24(  0%)     0/4(  0%)      0/4(  0%)       0/4(  0%)
11:      0/24(  0%)     0/4(  0%)      0/4(  0%)       0/4(  0%)
12:      0/24(  0%)     0/4(  0%)      0/4(  0%)       0/4(  0%)
13:      0/24(  0%)     0/4(  0%)      0/4(  0%)       0/4(  0%)
14:      0/24(  0%)     0/4(  0%)      0/4(  0%)       0/4(  0%)
15:      0/24(  0%)     0/4(  0%)      0/4(  0%)       0/4(  0%)
16:      0/24(  0%)     0/4(  0%)      0/4(  0%)       0/4(  0%)
17:      0/24(  0%)     0/4(  0%)      0/4(  0%)       0/4(  0%)
18:      0/24(  0%)     0/4(  0%)      0/4(  0%)       0/4(  0%)
19:      1/24(  4%)     0/4(  0%)      1/4( 25%)       0/4(  0%)
20:      0/24(  0%)     0/4(  0%)      0/4(  0%)       0/4(  0%)
21:      0/24(  0%)     0/4(  0%)      0/4(  0%)       0/4(  0%)
22:      0/24(  0%)     0/4(  0%)      0/4(  0%)       0/4(  0%)
23:      0/24(  0%)     0/4(  0%)      0/4(  0%)       0/4(  0%)
24:      0/24(  0%)     0/4(  0%)      0/4(  0%)       0/4(  0%)
EA:      0/24(  0%)     0/4(  0%)      0/4(  0%)       0/4(  0%)


Device-Specific Information:                     c:\prog\digital\uart\uart.rpt
uart

** CLOCK SIGNALS **

Type     Fan-out       Name
INPUT       22         clk


Device-Specific Information:                     c:\prog\digital\uart\uart.rpt
uart

** EQUATIONS **

clk      : INPUT;
in       : INPUT;

-- Node name is 'fsm~1' from file "uart.tdf" line 9, column 1
-- Equation name is 'fsm~1', location is LC4_A16, type is buried.
fsm~1    = DFFE( _EQ001, GLOBAL( clk),  VCC,  VCC,  VCC);
  _EQ001 =  _LC3_A16
         #  fsm~1 & !_LC4_A20;

-- Node name is 'fsm~2' from file "uart.tdf" line 9, column 1
-- Equation name is 'fsm~2', location is LC8_A1, type is buried.
fsm~2    = DFFE( _EQ002, GLOBAL( clk),  VCC,  VCC,  VCC);
  _EQ002 =  fsm~3 & !_LC6_A20
         #  fsm~3 & !_LC5_A20
         #  fsm~2 &  _LC5_A20 &  _LC6_A20;

-- Node name is 'fsm~3' from file "uart.tdf" line 9, column 1
-- Equation name is 'fsm~3', location is LC8_A7, type is buried.
fsm~3    = DFFE( _EQ003, GLOBAL( clk),  VCC,  VCC,  VCC);
  _EQ003 =  fsm~4 & !_LC6_A20
         #  fsm~4 & !_LC5_A20
         #  fsm~3 &  _LC5_A20 &  _LC6_A20;

-- Node name is 'fsm~4' from file "uart.tdf" line 9, column 1
-- Equation name is 'fsm~4', location is LC2_A7, type is buried.
fsm~4    = DFFE( _EQ004, GLOBAL( clk),  VCC,  VCC,  VCC);
  _EQ004 =  fsm~5 & !_LC6_A20
         #  fsm~5 & !_LC5_A20
         #  fsm~4 &  _LC5_A20 &  _LC6_A20;

-- Node name is 'fsm~5' from file "uart.tdf" line 9, column 1
-- Equation name is 'fsm~5', location is LC3_A7, type is buried.
fsm~5    = DFFE( _EQ005, GLOBAL( clk),  VCC,  VCC,  VCC);
  _EQ005 =  fsm~6 & !_LC6_A20
         #  fsm~6 & !_LC5_A20
         #  fsm~5 &  _LC5_A20 &  _LC6_A20;

-- Node name is 'fsm~6' from file "uart.tdf" line 9, column 1
-- Equation name is 'fsm~6', location is LC1_A7, type is buried.
fsm~6    = DFFE( _EQ006, GLOBAL( clk),  VCC,  VCC,  VCC);
  _EQ006 =  fsm~7 & !_LC6_A20
         #  fsm~7 & !_LC5_A20
         #  fsm~6 &  _LC5_A20 &  _LC6_A20;

-- Node name is 'fsm~7' from file "uart.tdf" line 9, column 1
-- Equation name is 'fsm~7', location is LC3_A1, type is buried.
fsm~7    = DFFE( _EQ007, GLOBAL( clk),  VCC,  VCC,  VCC);
  _EQ007 =  fsm~8 & !_LC6_A20
         #  fsm~8 & !_LC5_A20
         #  fsm~7 &  _LC5_A20 &  _LC6_A20;

-- Node name is 'fsm~8' from file "uart.tdf" line 9, column 1
-- Equation name is 'fsm~8', location is LC7_A1, type is buried.
fsm~8    = DFFE( _EQ008, GLOBAL( clk),  VCC,  VCC,  VCC);
  _EQ008 =  fsm~9 & !_LC6_A20
         #  fsm~9 & !_LC5_A20
         #  fsm~8 &  _LC5_A20 &  _LC6_A20;

-- Node name is 'fsm~9' from file "uart.tdf" line 9, column 1
-- Equation name is 'fsm~9', location is LC8_A16, type is buried.
fsm~9    = DFFE( _EQ009, GLOBAL( clk),  VCC,  VCC,  VCC);
  _EQ009 =  fsm~9 &  _LC5_A20 &  _LC6_A20
         #  _LC1_A20;

-- Node name is 'fsm~10' from file "uart.tdf" line 9, column 1
-- Equation name is 'fsm~10', location is LC2_A20, type is buried.
fsm~10   = DFFE( _EQ010, GLOBAL( clk),  VCC,  VCC,  VCC);
  _EQ010 = !fsm~11 &  in
         #  fsm~10 & !_LC1_A20;

-- Node name is 'fsm~11' from file "uart.tdf" line 9, column 1
-- Equation name is 'fsm~11', location is LC7_A16, type is buried.
fsm~11   = DFFE( _EQ011, GLOBAL( clk),  VCC,  VCC,  VCC);
  _EQ011 =  in & !_LC4_A20
         #  fsm~11 & !_LC4_A20;

-- Node name is 'out1' from file "uart.tdf" line 42, column 4
-- Equation name is 'out1', type is output 
out1     =  _LC7_A7;

-- Node name is 'out2' from file "uart.tdf" line 42, column 4
-- Equation name is 'out2', type is output 
out2     =  _LC5_A19;

-- Node name is 'out3' from file "uart.tdf" line 42, column 4
-- Equation name is 'out3', type is output 
out3     =  _LC8_A19;

-- Node name is 'out4' from file "uart.tdf" line 42, column 4
-- Equation name is 'out4', type is output 
out4     =  _LC3_A19;

-- Node name is 'out5' from file "uart.tdf" line 42, column 4
-- Equation name is 'out5', type is output 
out5     =  _LC1_A19;

-- Node name is 'out6' from file "uart.tdf" line 42, column 4
-- Equation name is 'out6', type is output 
out6     =  _LC2_A19;

-- Node name is 'out7' from file "uart.tdf" line 42, column 4
-- Equation name is 'out7', type is output 
out7     =  _LC4_A19;

-- Node name is 'out8' from file "uart.tdf" line 42, column 4
-- Equation name is 'out8', type is output 
out8     =  _LC7_A19;

-- Node name is '|lpm_counter:lpm|f8count:p8c0|:8' = '|lpm_counter:lpm|f8count:p8c0|QA' 
-- Equation name is '_LC7_A20', type is buried 
_LC7_A20 = DFFE( _EQ012, GLOBAL( clk),  VCC,  VCC,  VCC);
  _EQ012 = !in & !_LC7_A20
         #  fsm~11 & !_LC7_A20;

-- Node name is '|lpm_counter:lpm|f8count:p8c0|:7' = '|lpm_counter:lpm|f8count:p8c0|QB' 
-- Equation name is '_LC3_A20', type is buried 
_LC3_A20 = DFFE( _EQ013, GLOBAL( clk),  VCC,  VCC,  VCC);
  _EQ013 = !_LC2_A16 & !_LC3_A20 &  _LC7_A20
         # !_LC2_A16 &  _LC3_A20 & !_LC7_A20;

-- Node name is '|lpm_counter:lpm|f8count:p8c0|:6' = '|lpm_counter:lpm|f8count:p8c0|QC' 
-- Equation name is '_LC8_A20', type is buried 
_LC8_A20 = DFFE( _EQ014, GLOBAL( clk),  VCC,  VCC,  VCC);
  _EQ014 = !_LC2_A16 & !_LC7_A20 &  _LC8_A20
         # !_LC2_A16 & !_LC3_A20 &  _LC8_A20
         # !_LC2_A16 &  _LC3_A20 &  _LC7_A20 & !_LC8_A20;

-- Node name is '|lpm_shiftreg:reg|dffs0' from file "lpm_shiftreg.tdf" line 60, column 7
-- Equation name is '_LC7_A7', type is buried 
_LC7_A7  = DFFE( _EQ015, GLOBAL( clk),  VCC,  VCC,  _LC4_A1);
  _EQ015 =  _LC6_A1
         #  _LC5_A7
         #  _LC6_A7;

-- Node name is '|lpm_shiftreg:reg|dffs1' from file "lpm_shiftreg.tdf" line 60, column 7
-- Equation name is '_LC5_A19', type is buried 
_LC5_A19 = DFFE( _LC7_A7, GLOBAL( clk),  VCC,  VCC,  _LC4_A1);

-- Node name is '|lpm_shiftreg:reg|dffs2' from file "lpm_shiftreg.tdf" line 60, column 7
-- Equation name is '_LC8_A19', type is buried 
_LC8_A19 = DFFE( _LC5_A19, GLOBAL( clk),  VCC,  VCC,  _LC4_A1);

-- Node name is '|lpm_shiftreg:reg|dffs3' from file "lpm_shiftreg.tdf" line 60, column 7
-- Equation name is '_LC3_A19', type is buried 
_LC3_A19 = DFFE( _LC8_A19, GLOBAL( clk),  VCC,  VCC,  _LC4_A1);

-- Node name is '|lpm_shiftreg:reg|dffs4' from file "lpm_shiftreg.tdf" line 60, column 7
-- Equation name is '_LC1_A19', type is buried 
_LC1_A19 = DFFE( _LC3_A19, GLOBAL( clk),  VCC,  VCC,  _LC4_A1);

-- Node name is '|lpm_shiftreg:reg|dffs5' from file "lpm_shiftreg.tdf" line 60, column 7
-- Equation name is '_LC2_A19', type is buried 
_LC2_A19 = DFFE( _LC1_A19, GLOBAL( clk),  VCC,  VCC,  _LC4_A1);

-- Node name is '|lpm_shiftreg:reg|dffs6' from file "lpm_shiftreg.tdf" line 60, column 7
-- Equation name is '_LC4_A19', type is buried 
_LC4_A19 = DFFE( _LC2_A19, GLOBAL( clk),  VCC,  VCC,  _LC4_A1);

-- Node name is '|lpm_shiftreg:reg|dffs7' from file "lpm_shiftreg.tdf" line 60, column 7
-- Equation name is '_LC7_A19', type is buried 
_LC7_A19 = DFFE( _LC4_A19, GLOBAL( clk),  VCC,  VCC,  _LC4_A1);

-- Node name is ':139' from file "uart.tdf" line 23, column 6
-- Equation name is '_LC1_A20', type is buried 
!_LC1_A20 = _LC1_A20~NOT;
_LC1_A20~NOT = LCELL( _EQ016);
  _EQ016 = !fsm~10
         #  _LC8_A20
         # !_LC7_A20
         # !_LC3_A20;

-- Node name is '~151~1' from file "uart.tdf" line 24, column 5
-- Equation name is '~151~1', location is LC6_A20, type is buried.
-- synthesized logic cell 
!_LC6_A20 = _LC6_A20~NOT;
_LC6_A20~NOT = LCELL( _EQ017);
  _EQ017 =  in &  _LC3_A20 &  _LC7_A20 &  _LC8_A20;

-- Node name is '~164~1' from file "uart.tdf" line 25, column 5
-- Equation name is '~164~1', location is LC5_A20, type is buried.
-- synthesized logic cell 
!_LC5_A20 = _LC5_A20~NOT;
_LC5_A20~NOT = LCELL( _EQ018);
  _EQ018 = !in &  _LC3_A20 &  _LC7_A20 &  _LC8_A20;

-- Node name is ':357' from file "uart.tdf" line 39, column 34
-- Equation name is '_LC2_A16', type is buried 
!_LC2_A16 = _LC2_A16~NOT;
_LC2_A16~NOT = LCELL( _EQ019);
  _EQ019 = !in & !_LC1_A20 & !_LC4_A1
         #  fsm~11 & !_LC1_A20 & !_LC4_A1;

-- Node name is '~358~1' from file "uart.tdf" line 39, column 40
-- Equation name is '~358~1', location is LC1_A1, type is buried.
-- synthesized logic cell 
!_LC1_A1 = _LC1_A1~NOT;
_LC1_A1~NOT = LCELL( _EQ020);
  _EQ020 =  fsm~2 & !_LC6_A20
         #  fsm~2 & !_LC5_A20
         #  fsm~3 & !_LC6_A20
         #  fsm~3 & !_LC5_A20;

-- Node name is '~358~2' from file "uart.tdf" line 39, column 40
-- Equation name is '~358~2', location is LC4_A7, type is buried.
-- synthesized logic cell 
!_LC4_A7 = _LC4_A7~NOT;
_LC4_A7~NOT = LCELL( _EQ021);
  _EQ021 =  fsm~4 & !_LC6_A20
         #  fsm~4 & !_LC5_A20
         #  fsm~5 & !_LC6_A20
         #  fsm~5 & !_LC5_A20;

-- Node name is '~358~3' from file "uart.tdf" line 39, column 40
-- Equation name is '~358~3', location is LC2_A1, type is buried.
-- synthesized logic cell 
!_LC2_A1 = _LC2_A1~NOT;
_LC2_A1~NOT = LCELL( _EQ022);
  _EQ022 =  fsm~6 & !_LC6_A20
         #  fsm~6 & !_LC5_A20
         #  fsm~7 & !_LC6_A20
         #  fsm~7 & !_LC5_A20;

-- Node name is '~358~4' from file "uart.tdf" line 39, column 40
-- Equation name is '~358~4', location is LC5_A1, type is buried.
-- synthesized logic cell 
!_LC5_A1 = _LC5_A1~NOT;
_LC5_A1~NOT = LCELL( _EQ023);
  _EQ023 =  fsm~8 & !_LC6_A20
         #  fsm~8 & !_LC5_A20
         #  fsm~9 & !_LC6_A20
         #  fsm~9 & !_LC5_A20;

-- Node name is ':358' from file "uart.tdf" line 39, column 40
-- Equation name is '_LC4_A1', type is buried 
_LC4_A1  = LCELL( _EQ024);
  _EQ024 = !_LC1_A1
         # !_LC4_A7
         # !_LC2_A1
         # !_LC5_A1;

-- Node name is ':364' from file "uart.tdf" line 40, column 5
-- Equation name is '_LC4_A20', type is buried 
!_LC4_A20 = _LC4_A20~NOT;
_LC4_A20~NOT = LCELL( _EQ025);
  _EQ025 = !fsm~1
         # !_LC7_A20
         # !_LC3_A20
         #  _LC8_A20;

-- Node name is '~368~1' from file "uart.tdf" line 40, column 40
-- Equation name is '~368~1', location is LC1_A16, type is buried.
-- synthesized logic cell 
_LC1_A16 = LCELL( _EQ026);
  _EQ026 =  _LC1_A20
         # !fsm~11
         #  _LC4_A20;

-- Node name is '~368~2' from file "uart.tdf" line 40, column 40
-- Equation name is '~368~2', location is LC6_A1, type is buried.
-- synthesized logic cell 
_LC6_A1  = LCELL( _EQ027);
  _EQ027 =  _LC1_A16
         #  fsm~8 & !_LC6_A20
         #  fsm~9 & !_LC6_A20;

-- Node name is '~368~3' from file "uart.tdf" line 40, column 40
-- Equation name is '~368~3', location is LC5_A7, type is buried.
-- synthesized logic cell 
_LC5_A7  = LCELL( _EQ028);
  _EQ028 =  fsm~4 & !_LC6_A20
         #  fsm~2 & !_LC6_A20
         #  fsm~3 & !_LC6_A20;

-- Node name is '~368~4' from file "uart.tdf" line 40, column 40
-- Equation name is '~368~4', location is LC6_A7, type is buried.
-- synthesized logic cell 
_LC6_A7  = LCELL( _EQ029);
  _EQ029 =  fsm~7 & !_LC6_A20
         #  fsm~5 & !_LC6_A20
         #  fsm~6 & !_LC6_A20;

-- Node name is '~388~1' from file "uart.tdf" line 10, column 79
-- Equation name is '~388~1', location is LC3_A16, type is buried.
-- synthesized logic cell 
_LC3_A16 = LCELL( _EQ030);
  _EQ030 =  fsm~2 & !_LC6_A20
         #  fsm~2 & !_LC5_A20;



Project Information                              c:\prog\digital\uart\uart.rpt

** COMPILATION SETTINGS & TIMES **

Processing Menu Commands
------------------------

Design Doctor                             = off

Logic Synthesis:

   Synthesis Type Used                    = Multi-Level

   Default Synthesis Style                = NORMAL

      Logic option settings in 'NORMAL' style for 'ACEX1K' family

      CARRY_CHAIN                         = ignore
      CARRY_CHAIN_LENGTH                  = 32
      CASCADE_CHAIN                       = ignore
      CASCADE_CHAIN_LENGTH                = 2
      DECOMPOSE_GATES                     = on
      DUPLICATE_LOGIC_EXTRACTION          = on
      MINIMIZATION                        = full
      MULTI_LEVEL_FACTORING               = on
      NOT_GATE_PUSH_BACK                  = on
      REDUCE_LOGIC                        = on
      REFACTORIZATION                     = on
      REGISTER_OPTIMIZATION               = on
      RESYNTHESIZE_NETWORK                = on
      SLOW_SLEW_RATE                      = off
      SUBFACTOR_EXTRACTION                = on
      IGNORE_SOFT_BUFFERS                 = on
      USE_LPM_FOR_AHDL_OPERATORS          = off

   Other logic synthesis settings:

      Automatic Global Clock              = on
      Automatic Global Clear              = on
      Automatic Global Preset             = on
      Automatic Global Output Enable      = on
      Automatic Fast I/O                  = off
      Automatic Register Packing          = off
      Automatic Open-Drain Pins           = on
      Automatic Implement in EAB          = off
      Optimize                            = 5

Default Timing Specifications: None

Cut All Bidir Feedback Timing Paths       = on
Cut All Clear & Preset Timing Paths       = on

Ignore Timing Assignments                 = on

Functional SNF Extractor                  = off

Linked SNF Extractor                      = off
Timing SNF Extractor                      = on
Optimize Timing SNF                       = off
Generate AHDL TDO File                    = off
Fitter Settings                           = NORMAL
Use Quartus Fitter                        = on
Smart Recompile                           = off
Total Recompile                           = off

Interfaces Menu Commands
------------------------

EDIF Netlist Writer                       = off
Verilog Netlist Writer                    = off
VHDL Netlist Writer                       = off

Compilation Times
-----------------

   Compiler Netlist Extractor             00:00:00
   Database Builder                       00:00:00
   Logic Synthesizer                      00:00:01
   Partitioner                            00:00:00
   Fitter                                 00:00:00
   Timing SNF Extractor                   00:00:00
   Assembler                              00:00:00
   --------------------------             --------
   Total Time                             00:00:01


Memory Allocated
-----------------

Peak memory allocated during compilation  = 17,247K
